// Jest Snapshot v1, https://goo.gl/fbAQLP

exports[`renders FixedRange component correctly 1`] = `
<div>
  <main
    class="main"
  >
    <a
      href="/"
    >
      X
    </a>
    <div
      class="rangeContainer"
    >
      <h1>
        Fixed Range
      </h1>
      <h2>
        Values: 
        10
         - 
        30
         €
      </h2>
      <div
        aria-valuemax="30"
        aria-valuemin="10"
        aria-valuenow="10"
        class="rangeSlider"
        role="slider"
        style="width: 100%;"
        tabindex="0"
      >
        <div
          class="rangeSliderBar"
          style="width: 0%;"
        >
          <span
            class="rangeSliderHandle"
            style="cursor: grab;"
          >
            <span
              class="rangeSliderLabel false"
            >
              10
              €
            </span>
          </span>
        </div>
        <div
          class="rangeSliderBarBetween"
          style="width: 100%; margin-left: 0%;"
        >
          <span
            class="rangeSliderHandle"
            style="cursor: grab;"
          >
            <span
              class="rangeSliderLabel false"
            >
              30
              €
            </span>
          </span>
        </div>
      </div>
    </div>
  </main>
</div>
`;
